
> tcr-client@1.0.0 prebuild
> npm run check-polling && npm run manual:style && npm run storage:fix-display && npm run email:state-sync && npm run email:count-sync && npm run sidebar:badge-rpc && npm run dashboard:glow && npm run forms:state-esign-prefill && npm run forms:irs-current && npm run reports:accuracy && npm run accounting:oauth-state && npm run admin:metrics-proxy && npm run admin:product-usage-labels && npm run cases:modal-scope && npm run ui:quick-create && npm run ui:navigation-audit && npm run source:verify-current


> tcr-client@1.0.0 check-polling
> node scripts/check-polling-intervals.cjs

Scanned 36 setInterval call(s) across src/.

✅ No tight Supabase polling loops found. Clean.

> tcr-client@1.0.0 manual:style
> node scripts/manual-professionalize.mjs

Manual professional shell already current; office branding + route prefetch installed.

> tcr-client@1.0.0 storage:fix-display
> node scripts/fix-storage-usage-display.mjs

Storage usage display already current.

> tcr-client@1.0.0 email:state-sync
> node scripts/fix-email-state-sync.mjs

Email Gmail-state synchronization already current.

> tcr-client@1.0.0 email:count-sync
> node scripts/fix-email-bulk-counts.mjs

Email bulk/count synchronization already current.
Sidebar email counts patched.

> tcr-client@1.0.0 sidebar:badge-rpc
> node scripts/fix-sidebar-badge-rpc.mjs

Sidebar badge semantics patched: Leads/Clients/Cases are unseen-only.

> tcr-client@1.0.0 dashboard:glow
> node scripts/restore-dashboard-card-glow.mjs

Dashboard card accent glow already current; CSS override already current.

> tcr-client@1.0.0 forms:state-esign-prefill
> node scripts/fix-state-esign-prefill.mjs

State e-sign safety already current: FL verified path only; unverified state autofill blocked; Alabama official POA wired.

> tcr-client@1.0.0 forms:irs-current
> node scripts/fix-irs-current-field-maps.mjs

IRS current-field safety already current: stale mappings aligned; Form 4549 manual-only.

> tcr-client@1.0.0 reports:accuracy
> node scripts/fix-reporting-accuracy.mjs

✓ Reporting accuracy patch already current: exhaustive paging, settled payments, derived AR, lead conversion, tenant-safe rep attribution, year-aware monthly revenue

> tcr-client@1.0.0 accounting:oauth-state
> node scripts/fix-accounting-oauth-state.mjs

✓ Accounting OAuth already current: one-time server-side state tokens and both callback routes wired

> tcr-client@1.0.0 admin:metrics-proxy
> node scripts/fix-crm-metrics-proxy.mjs

admin metrics: all cross-product metrics route through authenticated hub-proxy

> tcr-client@1.0.0 admin:product-usage-labels
> node scripts/fix-admin-product-usage-labels.cjs

Admin Product Usage labels verified/patched successfully

> tcr-client@1.0.0 cases:modal-scope
> node scripts/fix-cases-modal-reps.mjs

cases: modal Para selector already scoped correctly
cases: modal scope verification passed

> tcr-client@1.0.0 ui:quick-create
> node scripts/fix-quick-create-routes.mjs

quick-create: src/components/layout/TopBar.jsx already patched or no-op
quick-create: src/pages/Fax.jsx already patched or no-op
quick-create: src/pages/Transcripts.jsx already patched or no-op
quick-create: src/pages/IRSPortal.jsx already patched or no-op
quick-create: src/pages/Books.jsx already patched or no-op
quick-create: src/pages/FormaCorp.jsx already patched or no-op
quick-create: all global New routes verified

> tcr-client@1.0.0 ui:navigation-audit
> node scripts/audit-ui-navigation.mjs

UI navigation audit passed: 38 sidebar routes, 14 global New actions, all quick-create handlers present.

> tcr-client@1.0.0 source:verify-current
> git diff --exit-code -- src scripts package.json vite.config.js 2>/dev/null || (echo 'ERROR: prebuild repair scripts changed tracked source. Commit the source fix instead of building mutated source.' && exit 1)

diff --git a/src/App.jsx b/src/App.jsx
index 4e9217f2..d0bdcee5 100644
--- a/src/App.jsx
+++ b/src/App.jsx
@@ -99,7 +99,7 @@ const Transactions = lazy(() => import('./pages/Transactions'))
 const Sms           = lazy(() => import('./pages/Sms'))
 const Email         = lazy(() => import('./pages/Email'))
 const Documents     = lazy(() => import('./pages/Documents'))
-const Esign         = lazy(() => import('./pages/Esign'))
+const Esign         = lazy(() => import('./pages/TaxOfficeEsign'))
 const TimeClock     = lazy(() => import('./pages/TimeClock'))
 const Payroll       = lazy(() => import('./pages/Payroll'))
 const Employees     = lazy(() => import('./pages/Employees'))
ERROR: prebuild repair scripts changed tracked source. Commit the source fix instead of building mutated source.
EXIT_CODE=1
